// Jest Snapshot v1, https://goo.gl/fbAQLP

exports[`App Component renders properly 1`] = `
<div
  className="App"
>
  <withRouter(Header) />
  <main
    className="App__main container"
  >
    <Switch>
      <Route
        component={[Function]}
        exact={true}
        path="/"
      />
      <Route
        component={[Function]}
        exact={true}
        path="/create"
      />
      <Route
        component={[Function]}
        exact={true}
        path="/edit"
      />
      <Route
        component={[Function]}
        exact={true}
        path="/post/:id"
      />
      <Redirect
        component={[Function]}
        path="**"
        push={false}
        to="/"
      />
    </Switch>
  </main>
  <Footer />
</div>
`;
