// Jest Snapshot v1, https://goo.gl/fbAQLP

exports[`Header Component renders properly 1`] = `
<nav
  className="navbar p-0 sticky-top navbar-light bg-primary Header"
>
  <div
    className="Header__wrapper"
  >
    <a
      className="Header__back-btn"
      onClick={[Function]}
    >
       
      <IoIosArrowBack
        size={30}
      />
    </a>
    <div
      className="container Header__brand"
    >
      <Link
        className="h1 navbar-brand m-0 "
        replace={false}
        to="/"
      >
        My Readable
      </Link>
    </div>
  </div>
</nav>
`;
