// Jest Snapshot v1, https://goo.gl/fbAQLP

exports[`SortBy Component renders properly 1`] = `
<ButtonDropdown
  className="SortBy"
  isOpen={false}
  toggle={[Function]}
>
  <DropdownToggle
    aria-haspopup={true}
    caret={true}
    color="secondary"
  >
    react
  </DropdownToggle>
  <DropdownMenu
    flip={true}
    tag="div"
  >
    <DropdownItem
      key="react"
      onClick={[Function]}
      tag="button"
      toggle={true}
    >
       
      react
    </DropdownItem>
    <DropdownItem
      key="redux"
      onClick={[Function]}
      tag="button"
      toggle={true}
    >
       
      redux
    </DropdownItem>
    <DropdownItem
      key="angular"
      onClick={[Function]}
      tag="button"
      toggle={true}
    >
       
      angular
    </DropdownItem>
  </DropdownMenu>
</ButtonDropdown>
`;
